// Jest Snapshot v1, https://goo.gl/fbAQLP

exports[`<Header /> should render properly 1`] = `
<SideEffect(Head)>
  <title>
    Picktus
  </title>
  <link
    href="https://fonts.googleapis.com/css?family=Caveat"
    rel="stylesheet"
  />
  <meta
    content="initial-scale=1.0, width=device-width"
    name="viewport"
  />
</SideEffect(Head)>
`;
