// Jest Snapshot v1, https://goo.gl/fbAQLP

exports[`<Subscribe /> should render properly 1`] = `
<div
  className="container container--undefined"
>
  <div
    className="logo logo--undefined"
  >
    <Logo />
  </div>
  <div
    className="form"
  >
    <Connect(SubscribeHandler) />
  </div>
  <style
    jsx={true}
  >
    
          .container {
            width: 100%;
            height: 100vh;
            display: flex;
            align-items: center;
            flex-direction: column;
            padding: 2rem 0;
            box-sizing: border-box;
            overflow: hidden;
            opacity: 1;
            transition: opacity 300ms ease-out;
          }

          .container--exiting,
          .container--exited {
            position: absolute;
            opacity: 0;
          }

          .logo {
            background-color: #2d3047;
            box-shadow: 11px 10px 34px -7px rgba(0, 0, 0, 0.49);
            display: flex;
            position: relative;
            border-radius: 3px;
          }

          .logo--exiting,
          .logo--exited {
            box-shadow: none;
          }

          .form {
            height: 100%;
            width: 100%;
            display: flex;
            flex-direction: column;
            justify-content: flex-start;
            align-items: center;
            margin-top: 2.5rem;
            opacity: 1;
            transition: opacity 130ms ease-out;
          }
        
  </style>
</div>
`;
