// Jest Snapshot v1, https://goo.gl/fbAQLP

exports[`<LoginPage /> should render properly 1`] = `
<Authentication>
  <ConnectFunction
    key="LoginHandler"
  />
</Authentication>
`;
