// Jest Snapshot v1, https://goo.gl/fbAQLP

exports[`<MessageHandler /> should render properly 1`] = `
<div
  className="container"
>
  <ConnectFunction />
  <ConnectFunction />
</div>
`;
