// Jest Snapshot v1, https://goo.gl/fbAQLP

exports[`<Background /> should render properly 1`] = `
<div
  className="background"
>
  <div />
  <style
    jsx={true}
  >
    
          .background {
            display: flex;
            align-self: stretch;
            min-height: 100vh;
            width: 100%;
            background: url('/static/background.svg') no-repeat center center fixed;
            background-size: cover;
          }
        
  </style>
</div>
`;
