// Jest Snapshot v1, https://goo.gl/fbAQLP

exports[`<LoginHandler /> should render properly 1`] = `
<div
  className="container"
>
  <SubscribeHandler />
  <div
    className="login"
  >
    <Input
      placeholder="Mail"
      type="text"
    />
    <Input
      placeholder="Password"
      type="password"
    />
    <Button
      onClick={[Function]}
      text="Login"
    />
  </div>
  <style
    jsx={true}
  >
    
          .container {
            position: relative;
          }

          .login {
            display: flex;
            flex-direction: column;
            align-items: center;
            background-color: #2d3047cd;
            min-width: 22rem;
            padding: 1.5rem;
            box-sizing: border-box;
            border-radius: 3px;
            box-shadow: 11px 10px 34px -7px rgba(0, 0, 0, 0.49);
          }
        
  </style>
</div>
`;
