// Jest Snapshot v1, https://goo.gl/fbAQLP

exports[`<LoginHandler /> should render properly 1`] = `
<div
  className="container"
>
  <div
    className="login"
  >
    <div
      className="form"
    >
      <Input
        autoFocus={false}
        disabled={false}
        name="email"
        onChange={[Function]}
        onEnter={[Function]}
        placeholder="Mail"
        type="text"
      />
      <Input
        autoFocus={false}
        disabled={false}
        name="password"
        onChange={[Function]}
        onEnter={[Function]}
        placeholder="Password"
        type="password"
      />
      <Button
        dark={false}
        disabled={false}
        onClick={[Function]}
        text="Login"
      />
    </div>
    <div
      className="socialButtons"
    >
      <Button
        dark={false}
        disabled={false}
        onClick={[Function]}
        text=""
      >
        <Component
          className="social"
        />
      </Button>
      <Button
        dark={false}
        disabled={false}
        onClick={[Function]}
        text=""
      >
        <Component
          className="social"
        />
      </Button>
      <Button
        dark={false}
        disabled={false}
        onClick={[Function]}
        text=""
      >
        <Component
          className="social"
        />
      </Button>
    </div>
  </div>
  <ButtonLink
    dark={true}
    href="/auth/subscribe"
    prefecth={false}
    prefetch={true}
    text="I don't have an account!"
  />
  <style
    jsx={true}
  >
    
          .container {
            position: relative;
          }

          .login {
            display: flex;
            flex-direction: column;
            align-items: center;
            background-color: #2d3047;
            padding: 1.5rem 1.5rem;
            border-radius: 3px;
            box-shadow: 11px 10px 34px -7px rgba(0, 0, 0, 0.49);
          }

          .form {
            display: flex;
            flex-direction: column;
            align-items: center;
            width: 16rem;
          }

          .socialButtons {
            display: flex;
            justify-content: space-between;
            width: 16rem;
          }

          :global(.socialButtons.socialButtons &gt; button:nth-child(2)) {
            margin: 0.7rem 1.1rem;
          }
        
  </style>
</div>
`;
