// Jest Snapshot v1, https://goo.gl/fbAQLP

exports[`<Login /> should render properly 1`] = `
<Background>
  <div
    className="container"
  >
    <div
      className="login"
    >
      <Logo />
    </div>
    <style
      jsx={true}
    >
      
            .container {
              width: 100%;
              height: 100vh;
              display: flex;
              justify-content: center;
              align-items: flex-start;
              padding: 2rem;
              box-sizing: border-box;
            }

            .login {
              background-color: #2d3047cd;
              padding-right: 2rem;
              box-shadow: 11px 10px 34px -7px rgba(0, 0, 0, 0.49);
              display: flex;
              position: relative;
            }

            .login::after {
              position: absolute;
              top: 50%;
              left: 50%;
              transform: translate(-50%, -50%);
              content: '';
              width: calc(100% + 2rem);
              height: calc(100% + 2rem);
              border: 3px solid transparent;
              border-image: linear-gradient(to bottom, #2d3047 60%, #FAC9B8 100%);
              border-image-slice: 1;
            }
          
    </style>
  </div>
</Background>
`;
